LINK REVISION 07.70.00.00 ON 05/24/95 AT 13:42:00
OPTIONS: LINK/L=LOOPS1.MAP/ALPHA/LOCAL/MAP/MODMAP/MODSYM/XREF

  TYPE     NAME                           ADDRESS      LENGTH       END
  ---------------------------------------------------------------------
 LOOPS1
  ENTRY    LOOPS1                         16001776000
  ENTRY    OPEN                           16001776053
  ENTRY    WRITE                          16001776065
  ENTRY    CLOSE                          16001776077
  ENTRY    INITLOOP                       16001776014
  ENTRY    OOPS                           16001776044
  ENTRY    FINISH                         16001776024
  ENTRY    CONVERT                        16001776112
  LOCAL    ?ISTI                          00000000001
  LOCAL    ?IMRS                          00000000003
  LOCAL    ?IBAD                          00000000004
  LOCAL    ?IRCL                          00000000007
  LOCAL    ?IFNP                          00000000014
  LOCAL    ?IDEL                          00000000016
  LOCAL    ?IBLT                          00000000030
  LOCAL    ?ICRF                          00000040000
  LOCAL    ?OFIO                          00000000030
  LOCAL    ?RTDS                          00000000002
  LOCAL    ?RFCF                          00000100000
  LOCAL    ?RFER                          00000040000
  LOCAL    ?RFEC                          00000010000
  LOCAL    ?XCALL                         00000000001
  LOCAL    N                              00000000144
  LOCAL    CONSOLE                        16000000470
  LOCAL    BUF                            16000000520
  LOCAL    CON                            16000000545
  LOCAL    NUMBUF                         16000000531
  LOCAL    DONEBUF                        16000000537
  LOCAL    DLOOP                          16001776120
  PART SC  SC                             16001776000  00000000131  16001776130
  PART UD  UD                             16000000470  00000000062  16000000551
 URTB
  ENTRY    ?URTB                          16001776131
  ENTRY    .BOMB                          16001776133
  ENTRY    .KILL                          16001776136
  ENTRY    .UTSK                          16001776144
  ENTRY    .UKIL                          16001776160
  ENTRY    SFALT                          16000000446
  ENTRY    CFALT                          16000000451
  ENTRY    IFALT                          16000000454
  ENTRY    FFALT                          16000000457
  PART AC  AB                             16000000000  00000000012  16000000011
  PART LC  ?UDP000000                     16000000446  00000000022  16000000467
  PART SC  SC                             16001776131  00000000067  16001776217
 BOMB
  ENTRY    ?BOMB                          16001776220
  PART SC  SC                             16001776220  00000000041  16001776260
 UKIL
  ENTRY    ?UKIL                          16001776261
  PART SC  SC                             16001776261  00000000003  16001776263
 UTSK
  ENTRY    ?UTSK                          16001776264
  PART SC  SC                             16001776264  00000000003  16001776266
 COPYRIGHT
  ENTRY    COPYR                          16000000552
  PART UC  UC                             16000000552  00000000201  16000000752
 GATEDEF.32
  ENTRY    ?G.SYSCA                       06000000000
  ENTRY    ?G.UTSKB                       06000000001
  ENTRY    ?G.UTSKG                       06000000002
  ENTRY    ?G.UKILL                       06000000003
  ENTRY    ?G.BKPT                        06000000004
  ENTRY    ?G.IXMT                        06000000005
  ENTRY    ?G.IXIT                        00000000003

ZBOT:           16000000050
ZMAX:           16000000050
NBOT:           16000000400
USTA:           16000000446
NMAX:           16000001050
SBOT:           16001776000
NTOP:           16001777777
START:          16001776000
STACK SIZE:     00000000074

  TYPE     NAME                           ADDRESS      LENGTH       END
  ---------------------------------------------------------------------
  PART AC  AB                             16000000000  00000000012  16000000011
  PART ZC  ZR                             16000000050  00000000000
  COMM LD  USER STATUS TABLE              16000000400  00000000046  16000000445
  PART LD  LD                             16000000446  00000000000
  PART LC  ?UDP000000                     16000000446  00000000022  16000000467
  PART UD  UD                             16000000470  00000000062  16000000551
  PART UC  UC                             16000000552  00000000201  16000000752
  COMM UC  STACK                          16000000754  00000000074  16000001047
  PART SD  SD                             16001776000  00000000000
  PART SC  SC                             16001776000  00000000267  16001776266

CROSS-REFERENCED ALPHABETIC SYMBOL LISTING

  TYPE     NAME                           ADDRESS      LENGTH       END
  ---------------------------------------------------------------------
  ENTRY    .BOMB                          16001776133
  ENTRY    .KILL                          16001776136
  ENTRY    .UKIL                          16001776160
  ENTRY    .UTSK                          16001776144
  ENTRY    ?BOMB                          16001776220
           URTB                           16001776134
  ENTRY    ?G.BKPT                        06000000004
           URTB                           16001776202
  ENTRY    ?G.IXIT                        00000000003
  ENTRY    ?G.IXMT                        06000000005
  ENTRY    ?G.SYSCA                       06000000000
           URTB                           16001776171
  ENTRY    ?G.UKILL                       06000000003
           URTB                           16001776164
  ENTRY    ?G.UTSKB                       06000000001
           URTB                           16001776155
  ENTRY    ?G.UTSKG                       06000000002
           URTB                           16001776151
  LOCAL    ?IBAD                          00000000004
  LOCAL    ?IBLT                          00000000030
  LOCAL    ?ICRF                          00000040000
  LOCAL    ?IDEL                          00000000016
  LOCAL    ?IFNP                          00000000014
  LOCAL    ?IMRS                          00000000003
  LOCAL    ?IRCL                          00000000007
  LOCAL    ?ISTI                          00000000001
  ENTRY    ?NBOT                          16000000400
  ENTRY    ?NMAX                          16000001050
  ENTRY    ?NTOP                          16001777777
  LOCAL    ?OFIO                          00000000030
  LOCAL    ?RFCF                          00000100000
  LOCAL    ?RFEC                          00000010000
  LOCAL    ?RFER                          00000040000
  LOCAL    ?RTDS                          00000000002
  ENTRY    ?SBOT                          16001776000
  PART LC  ?UDP000000                     16000000446  00000000022  16000000467
  ENTRY    ?UKIL                          16001776261
           URTB                           16001776161
  ENTRY    ?URTB                          16001776131
  ENTRY    ?UTSK                          16001776264
           URTB                           16001776145
  LOCAL    ?XCALL                         00000000001
  ENTRY    ?ZBOT                          16000000050
  ENTRY    ?ZMAX                          16000000050
  LOCAL    BUF                            16000000520
  ENTRY    CFALT                          16000000451
  ENTRY    CLOSE                          16001776077
  LOCAL    CON                            16000000545
  LOCAL    CONSOLE                        16000000470
  ENTRY    CONVERT                        16001776112
  ENTRY    COPYR                          16000000552
  LOCAL    DLOOP                          16001776120
  LOCAL    DONEBUF                        16000000537
  ENTRY    FFALT                          16000000457
  ENTRY    FINISH                         16001776024
  ENTRY    IFALT                          16000000454
  ENTRY    INITLOOP                       16001776014
  TITLE    LOOPS1                         00000000000
  ENTRY    LOOPS1                         16001776000
  LOCAL    N                              00000000144
  LOCAL    NUMBUF                         16000000531
  ENTRY    OOPS                           16001776044
  ENTRY    OPEN                           16001776053
  ENTRY    SFALT                          16000000446
  ENTRY    WRITE                          16001776065
LOOPS1.PR CREATED
